Archive member included to satisfy reference by file (symbol)

D:/STM32/STM32CubeIDE_1.19.0/STM32CubeIDE/plugins/com.st.stm32cube.ide.mcu.externaltools.gnu-tools-for-stm32.13.3.rel1.win32_1.0.0.202411081344/tools/bin/../lib/gcc/arm-none-eabi/13.3.1/../../../../arm-none-eabi/lib/thumb/v7e-m/nofp\libc_nano.a(libc_a-exit.o)
                              D:/STM32/STM32CubeIDE_1.19.0/STM32CubeIDE/plugins/com.st.stm32cube.ide.mcu.externaltools.gnu-tools-for-stm32.13.3.rel1.win32_1.0.0.202411081344/tools/bin/../lib/gcc/arm-none-eabi/13.3.1/../../../../arm-none-eabi/lib/thumb/v7e-m/nofp/crt0.o (exit)
D:/STM32/STM32CubeIDE_1.19.0/STM32CubeIDE/plugins/com.st.stm32cube.ide.mcu.externaltools.gnu-tools-for-stm32.13.3.rel1.win32_1.0.0.202411081344/tools/bin/../lib/gcc/arm-none-eabi/13.3.1/../../../../arm-none-eabi/lib/thumb/v7e-m/nofp\libc_nano.a(libc_a-findfp.o)
                              D:/STM32/STM32CubeIDE_1.19.0/STM32CubeIDE/plugins/com.st.stm32cube.ide.mcu.externaltools.gnu-tools-for-stm32.13.3.rel1.win32_1.0.0.202411081344/tools/bin/../lib/gcc/arm-none-eabi/13.3.1/../../../../arm-none-eabi/lib/thumb/v7e-m/nofp\libc_nano.a(libc_a-exit.o) (__stdio_exit_handler)
D:/STM32/STM32CubeIDE_1.19.0/STM32CubeIDE/plugins/com.st.stm32cube.ide.mcu.externaltools.gnu-tools-for-stm32.13.3.rel1.win32_1.0.0.202411081344/tools/bin/../lib/gcc/arm-none-eabi/13.3.1/../../../../arm-none-eabi/lib/thumb/v7e-m/nofp\libc_nano.a(libc_a-fwalk.o)
                              D:/STM32/STM32CubeIDE_1.19.0/STM32CubeIDE/plugins/com.st.stm32cube.ide.mcu.externaltools.gnu-tools-for-stm32.13.3.rel1.win32_1.0.0.202411081344/tools/bin/../lib/gcc/arm-none-eabi/13.3.1/../../../../arm-none-eabi/lib/thumb/v7e-m/nofp\libc_nano.a(libc_a-findfp.o) (_fwalk_sglue)
D:/STM32/STM32CubeIDE_1.19.0/STM32CubeIDE/plugins/com.st.stm32cube.ide.mcu.externaltools.gnu-tools-for-stm32.13.3.rel1.win32_1.0.0.202411081344/tools/bin/../lib/gcc/arm-none-eabi/13.3.1/../../../../arm-none-eabi/lib/thumb/v7e-m/nofp\libc_nano.a(libc_a-stdio.o)
                              D:/STM32/STM32CubeIDE_1.19.0/STM32CubeIDE/plugins/com.st.stm32cube.ide.mcu.externaltools.gnu-tools-for-stm32.13.3.rel1.win32_1.0.0.202411081344/tools/bin/../lib/gcc/arm-none-eabi/13.3.1/../../../../arm-none-eabi/lib/thumb/v7e-m/nofp\libc_nano.a(libc_a-findfp.o) (__sread)
D:/STM32/STM32CubeIDE_1.19.0/STM32CubeIDE/plugins/com.st.stm32cube.ide.mcu.externaltools.gnu-tools-for-stm32.13.3.rel1.win32_1.0.0.202411081344/tools/bin/../lib/gcc/arm-none-eabi/13.3.1/../../../../arm-none-eabi/lib/thumb/v7e-m/nofp\libc_nano.a(libc_a-memset.o)
                              D:/STM32/STM32CubeIDE_1.19.0/STM32CubeIDE/plugins/com.st.stm32cube.ide.mcu.externaltools.gnu-tools-for-stm32.13.3.rel1.win32_1.0.0.202411081344/tools/bin/../lib/gcc/arm-none-eabi/13.3.1/../../../../arm-none-eabi/lib/thumb/v7e-m/nofp/crt0.o (memset)
D:/STM32/STM32CubeIDE_1.19.0/STM32CubeIDE/plugins/com.st.stm32cube.ide.mcu.externaltools.gnu-tools-for-stm32.13.3.rel1.win32_1.0.0.202411081344/tools/bin/../lib/gcc/arm-none-eabi/13.3.1/../../../../arm-none-eabi/lib/thumb/v7e-m/nofp\libc_nano.a(libc_a-closer.o)
                              D:/STM32/STM32CubeIDE_1.19.0/STM32CubeIDE/plugins/com.st.stm32cube.ide.mcu.externaltools.gnu-tools-for-stm32.13.3.rel1.win32_1.0.0.202411081344/tools/bin/../lib/gcc/arm-none-eabi/13.3.1/../../../../arm-none-eabi/lib/thumb/v7e-m/nofp\libc_nano.a(libc_a-stdio.o) (_close_r)
D:/STM32/STM32CubeIDE_1.19.0/STM32CubeIDE/plugins/com.st.stm32cube.ide.mcu.externaltools.gnu-tools-for-stm32.13.3.rel1.win32_1.0.0.202411081344/tools/bin/../lib/gcc/arm-none-eabi/13.3.1/../../../../arm-none-eabi/lib/thumb/v7e-m/nofp\libc_nano.a(libc_a-reent.o)
                              D:/STM32/STM32CubeIDE_1.19.0/STM32CubeIDE/plugins/com.st.stm32cube.ide.mcu.externaltools.gnu-tools-for-stm32.13.3.rel1.win32_1.0.0.202411081344/tools/bin/../lib/gcc/arm-none-eabi/13.3.1/../../../../arm-none-eabi/lib/thumb/v7e-m/nofp\libc_nano.a(libc_a-closer.o) (errno)
D:/STM32/STM32CubeIDE_1.19.0/STM32CubeIDE/plugins/com.st.stm32cube.ide.mcu.externaltools.gnu-tools-for-stm32.13.3.rel1.win32_1.0.0.202411081344/tools/bin/../lib/gcc/arm-none-eabi/13.3.1/../../../../arm-none-eabi/lib/thumb/v7e-m/nofp\libc_nano.a(libc_a-impure.o)
                              D:/STM32/STM32CubeIDE_1.19.0/STM32CubeIDE/plugins/com.st.stm32cube.ide.mcu.externaltools.gnu-tools-for-stm32.13.3.rel1.win32_1.0.0.202411081344/tools/bin/../lib/gcc/arm-none-eabi/13.3.1/../../../../arm-none-eabi/lib/thumb/v7e-m/nofp\libc_nano.a(libc_a-reent.o) (_impure_ptr)
D:/STM32/STM32CubeIDE_1.19.0/STM32CubeIDE/plugins/com.st.stm32cube.ide.mcu.externaltools.gnu-tools-for-stm32.13.3.rel1.win32_1.0.0.202411081344/tools/bin/../lib/gcc/arm-none-eabi/13.3.1/../../../../arm-none-eabi/lib/thumb/v7e-m/nofp\libc_nano.a(libc_a-lseekr.o)
[...]
Memory Configuration

Name             Origin             Length             Attributes
RAM              0x20000000         0x00020000         xrw
FLASH            0x08000000         0x00080000         xr
*default*        0x00000000         0xffffffff

Linker script and memory map

LOAD D:/STM32/STM32CubeIDE_1.19.0/STM32CubeIDE/plugins/com.st.stm32cube.ide.mcu.externaltools.gnu-tools-for-stm32.13.3.rel1.win32_1.0.0.202411081344/tools/bin/../lib/gcc/arm-none-eabi/13.3.1/thumb/v7e-m/nofp/crti.o
LOAD D:/STM32/STM32CubeIDE_1.19.0/STM32CubeIDE/plugins/com.st.stm32cube.ide.mcu.externaltools.gnu-tools-for-stm32.13.3.rel1.win32_1.0.0.202411081344/tools/bin/../lib/gcc/arm-none-eabi/13.3.1/thumb/v7e-m/nofp/crtbegin.o
LOAD D:/STM32/STM32CubeIDE_1.19.0/STM32CubeIDE/plugins/com.st.stm32cube.ide.mcu.externaltools.gnu-tools-for-stm32.13.3.rel1.win32_1.0.0.202411081344/tools/bin/../lib/gcc/arm-none-eabi/13.3.1/../../../../arm-none-eabi/lib/thumb/v7e-m/nofp/crt0.o
LOAD ./Bsp/StepperMotor_A4988.o
LOAD ./Driver/src/stm32f446xx_GPIO_driver.o
LOAD ./Driver/src/stm32f446xx_Timer_driver.o
LOAD ./Src/main.o
LOAD ./Src/syscalls.o
LOAD ./Src/sysmem.o
LOAD ./Startup/startup_stm32f446retx.o
START GROUP
LOAD D:/STM32/STM32CubeIDE_1.19.0/STM32CubeIDE/plugins/com.st.stm32cube.ide.mcu.externaltools.gnu-tools-for-stm32.13.3.rel1.win32_1.0.0.202411081344/tools/bin/../lib/gcc/arm-none-eabi/13.3.1/../../../../arm-none-eabi/lib/thumb/v7e-m/nofp\libc_nano.a
LOAD D:/STM32/STM32CubeIDE_1.19.0/STM32CubeIDE/plugins/com.st.stm32cube.ide.mcu.externaltools.gnu-tools-for-stm32.13.3.rel1.win32_1.0.0.202411081344/tools/bin/../lib/gcc/arm-none-eabi/13.3.1/../../../../arm-none-eabi/lib/thumb/v7e-m/nofp\libm.a
END GROUP
START GROUP
LOAD D:/STM32/STM32CubeIDE_1.19.0/STM32CubeIDE/plugins/com.st.stm32cube.ide.mcu.externaltools.gnu-tools-for-stm32.13.3.rel1.win32_1.0.0.202411081344/tools/bin/../lib/gcc/arm-none-eabi/13.3.1/thumb/v7e-m/nofp\libgcc.a
LOAD D:/STM32/STM32CubeIDE_1.19.0/STM32CubeIDE/plugins/com.st.stm32cube.ide.mcu.externaltools.gnu-tools-for-stm32.13.3.rel1.win32_1.0.0.202411081344/tools/bin/../lib/gcc/arm-none-eabi/13.3.1/../../../../arm-none-eabi/lib/thumb/v7e-m/nofp\libc_nano.a
END GROUP
START GROUP
LOAD D:/STM32/STM32CubeIDE_1.19.0/STM32CubeIDE/plugins/com.st.stm32cube.ide.mcu.externaltools.gnu-tools-for-stm32.13.3.rel1.win32_1.0.0.202411081344/tools/bin/../lib/gcc/arm-none-eabi/13.3.1/thumb/v7e-m/nofp\libgcc.a
LOAD D:/STM32/STM32CubeIDE_1.19.0/STM32CubeIDE/plugins/com.st.stm32cube.ide.mcu.externaltools.gnu-tools-for-stm32.13.3.rel1.win32_1.0.0.202411081344/tools/bin/../lib/gcc/arm-none-eabi/13.3.1/../../../../arm-none-eabi/lib/thumb/v7e-m/nofp\libc_nano.a
LOAD D:/STM32/STM32CubeIDE_1.19.0/STM32CubeIDE/plugins/com.st.stm32cube.ide.mcu.externaltools.gnu-tools-for-stm32.13.3.rel1.win32_1.0.0.202411081344/tools/bin/../lib/gcc/arm-none-eabi/13.3.1/../../../../arm-none-eabi/lib/thumb/v7e-m/nofp\libnosys.a
END GROUP
START GROUP
LOAD D:/STM32/STM32CubeIDE_1.19.0/STM32CubeIDE/plugins/com.st.stm32cube.ide.mcu.externaltools.gnu-tools-for-stm32.13.3.rel1.win32_1.0.0.202411081344/tools/bin/../lib/gcc/arm-none-eabi/13.3.1/thumb/v7e-m/nofp\libgcc.a
LOAD D:/STM32/STM32CubeIDE_1.19.0/STM32CubeIDE/plugins/com.st.stm32cube.ide.mcu.externaltools.gnu-tools-for-stm32.13.3.rel1.win32_1.0.0.202411081344/tools/bin/../lib/gcc/arm-none-eabi/13.3.1/../../../../arm-none-eabi/lib/thumb/v7e-m/nofp\libc_nano.a
LOAD D:/STM32/STM32CubeIDE_1.19.0/STM32CubeIDE/plugins/com.st.stm32cube.ide.mcu.externaltools.gnu-tools-for-stm32.13.3.rel1.win32_1.0.0.202411081344/tools/bin/../lib/gcc/arm-none-eabi/13.3.1/../../../../arm-none-eabi/lib/thumb/v7e-m/nofp\libnosys.a
END GROUP
LOAD D:/STM32/STM32CubeIDE_1.19.0/STM32CubeIDE/plugins/com.st.stm32cube.ide.mcu.externaltools.gnu-tools-for-stm32.13.3.rel1.win32_1.0.0.202411081344/tools/bin/../lib/gcc/arm-none-eabi/13.3.1/thumb/v7e-m/nofp/crtend.o
LOAD D:/STM32/STM32CubeIDE_1.19.0/STM32CubeIDE/plugins/com.st.stm32cube.ide.mcu.externaltools.gnu-tools-for-stm32.13.3.rel1.win32_1.0.0.202411081344/tools/bin/../lib/gcc/arm-none-eabi/13.3.1/thumb/v7e-m/nofp/crtn.o
                0x20020000                        _estack = (ORIGIN (RAM) + LENGTH (RAM))
                0x00000200                        _Min_Heap_Size = 0x200
                0x00000400                        _Min_Stack_Size = 0x400

.isr_vector     0x08000000      0x1c4
                0x08000000                        . = ALIGN (0x4)
 *(.isr_vector)
 .isr_vector    0x08000000      0x1c4 ./Startup/startup_stm32f446retx.o
                0x08000000                g_pfnVectors
                0x080001c4                        . = ALIGN (0x4)

.text           0x080001c4     0x16e8
                0x080001c4                        . = ALIGN (0x4)
 *(.text)
 .text          0x080001c4       0x40 D:/STM32/STM32CubeIDE_1.19.0/STM32CubeIDE/plugins/com.st.stm32cube.ide.mcu.externaltools.gnu-tools-for-stm32.13.3.rel1.win32_1.0.0.202411081344/tools/bin/../lib/gcc/arm-none-eabi/13.3.1/thumb/v7e-m/nofp/crtbegin.o
 .text          0x08000204      0x21c D:/STM32/STM32CubeIDE_1.19.0/STM32CubeIDE/plugins/com.st.stm32cube.ide.mcu.externaltools.gnu-tools-for-stm32.13.3.rel1.win32_1.0.0.202411081344/tools/bin/../lib/gcc/arm-none-eabi/13.3.1/thumb/v7e-m/nofp\libgcc.a(_arm_addsubsf3.o)
                0x08000204                __aeabi_frsub
                0x0800020c                __subsf3
                0x0800020c                __aeabi_fsub
                0x08000210                __aeabi_fadd
                0x08000210                __addsf3
                0x08000370                __aeabi_ui2f
                0x08000370                __floatunsisf
                0x08000378                __aeabi_i2f
                0x08000378                __floatsisf
                0x08000394                __aeabi_ul2f
                0x08000394                __floatundisf
                0x080003a4                __aeabi_l2f
                0x080003a4                __floatdisf
 .text          0x08000420      0x2a0 D:/STM32/STM32CubeIDE_1.19.0/STM32CubeIDE/plugins/com.st.stm32cube.ide.mcu.externaltools.gnu-tools-for-stm32.13.3.rel1.win32_1.0.0.202411081344/tools/bin/../lib/gcc/arm-none-eabi/13.3.1/thumb/v7e-m/nofp\libgcc.a(_arm_muldivsf3.o)
                0x08000420                __mulsf3
                0x08000420                __aeabi_fmul
                0x08000588                __aeabi_fdiv
                0x08000588                __divsf3
 .text          0x080006c0       0xec D:/STM32/STM32CubeIDE_1.19.0/STM32CubeIDE/plugins/com.st.stm32cube.ide.mcu.externaltools.gnu-tools-for-stm32.13.3.rel1.win32_1.0.0.202411081344/tools/bin/../lib/gcc/arm-none-eabi/13.3.1/thumb/v7e-m/nofp\libgcc.a(_arm_cmpsf2.o)
                0x080006c0                __gesf2
                0x080006c0                __gtsf2
                0x080006c8                __lesf2
                0x080006c8                __ltsf2
                0x080006d0                __nesf2
                0x080006d0                __eqsf2
                0x080006d0                __cmpsf2
                0x08000730                __aeabi_cfrcmple
                0x08000738                __aeabi_cfcmpeq
                0x08000738                __aeabi_cfcmple
                0x08000748                __aeabi_fcmpeq
                0x0800075c                __aeabi_fcmplt
                0x08000770                __aeabi_fcmple
                0x08000784                __aeabi_fcmpge
                0x08000798                __aeabi_fcmpgt
 .text          0x080007ac       0x40 D:/STM32/STM32CubeIDE_1.19.0/STM32CubeIDE/plugins/com.st.stm32cube.ide.mcu.externaltools.gnu-tools-for-stm32.13.3.rel1.win32_1.0.0.202411081344/tools/bin/../lib/gcc/arm-none-eabi/13.3.1/thumb/v7e-m/nofp\libgcc.a(_arm_fixunssfsi.o)
                0x080007ac                __fixunssfsi
                0x080007ac                __aeabi_f2uiz
 *(.text*)
 .text.A4988_init
                0x080007ec       0x30 ./Bsp/StepperMotor_A4988.o
                0x080007ec                A4988_init
 .text.A4988_GPIO_Config
                0x0800081c       0x84 ./Bsp/StepperMotor_A4988.o
 .text.A4988_TIM_Config
                0x080008a0       0x68 ./Bsp/StepperMotor_A4988.o
 .text.A4988_TIM_Init
                0x08000908       0x68 ./Bsp/StepperMotor_A4988.o
 .text.set_phase
                0x08000970       0xd0 ./Bsp/StepperMotor_A4988.o
 .text.A4988_move_Step
                0x08000a40       0xa4 ./Bsp/StepperMotor_A4988.o
                0x08000a40                A4988_move_Step
 .text.TIM2_IRQHandler
                0x08000ae4       0x14 ./Bsp/StepperMotor_A4988.o
                0x08000ae4                TIM2_IRQHandler
 .text.TIM3_IRQHandler
                0x08000af8       0x14 ./Bsp/StepperMotor_A4988.o
                0x08000af8                TIM3_IRQHandler
 .text.TIM4_IRQHandler
                0x08000b0c       0x14 ./Bsp/StepperMotor_A4988.o
                0x08000b0c                TIM4_IRQHandler
 .text.TIM5_IRQHandler
                0x08000b20       0x14 ./Bsp/StepperMotor_A4988.o
                0x08000b20                TIM5_IRQHandler
 .text.TIM_ApplicationEventCallback
                0x08000b34      0x2d8 ./Bsp/StepperMotor_A4988.o
                0x08000b34                TIM_ApplicationEventCallback
 .text.GPIO_Init
                0x08000e0c      0x34c ./Driver/src/stm32f446xx_GPIO_driver.o
                0x08000e0c                GPIO_Init
 .text.GPIO_PeriClockControl
                0x08001158      0x1a0 ./Driver/src/stm32f446xx_GPIO_driver.o
                0x08001158                GPIO_PeriClockControl
 .text.GPIO_WriteToOutputPin
                0x080012f8       0x48 ./Driver/src/stm32f446xx_GPIO_driver.o
                0x080012f8                GPIO_WriteToOutputPin
 .text.TIM_Init
                0x08001340       0x88 ./Driver/src/stm32f446xx_Timer_driver.o
                0x08001340                TIM_Init
 .text.TIM_PeriClockControl
                0x080013c8       0xdc ./Driver/src/stm32f446xx_Timer_driver.o
                0x080013c8                TIM_PeriClockControl
 .text.TIM_SetCompareModeChannel
                0x080014a4      0x140 ./Driver/src/stm32f446xx_Timer_driver.o
 .text.TIM_InterruptEnable
                0x080015e4       0x3e ./Driver/src/stm32f446xx_Timer_driver.o
                0x080015e4                TIM_InterruptEnable
 *fill*         0x08001622        0x2 
 .text.TIM_IRQInterruptConfig
                0x08001624      0x108 ./Driver/src/stm32f446xx_Timer_driver.o
                0x08001624                TIM_IRQInterruptConfig
 .text.TIMx_EV_IRQHandling
                0x0800172c       0x36 ./Driver/src/stm32f446xx_Timer_driver.o
                0x0800172c                TIMx_EV_IRQHandling
 *fill*         0x08001762        0x2 
 .text.main     0x08001764       0x84 ./Src/main.o
                0x08001764                main
 .text.Reset_Handler
                0x080017e8       0x50 ./Startup/startup_stm32f446retx.o
                0x080017e8                Reset_Handler
 .text.Default_Handler
                0x08001838        0x2 ./Startup/startup_stm32f446retx.o
                0x08001838                RTC_Alarm_IRQHandler
                0x08001838                EXTI2_IRQHandler
                0x08001838                TIM8_CC_IRQHandler
                0x08001838                SPDIF_Rx_IRQHandler
                0x08001838                DebugMon_Handler
                0x08001838                SPI4_IRQHandler
                0x08001838                TIM1_CC_IRQHandler
                0x08001838                QuadSPI_IRQHandler
                0x08001838                DMA2_Stream5_IRQHandler
                0x08001838                HardFault_Handler
                0x08001838                DMA1_Stream5_IRQHandler
                0x08001838                SysTick_Handler
                0x08001838                PVD_IRQHandler
                0x08001838                SDIO_IRQHandler
                0x08001838                TAMP_STAMP_IRQHandler
                0x08001838                PendSV_Handler
                0x08001838                NMI_Handler
                0x08001838                CAN2_RX1_IRQHandler
                0x08001838                EXTI3_IRQHandler
                0x08001838                TIM8_TRG_COM_TIM14_IRQHandler
                0x08001838                TIM1_UP_TIM10_IRQHandler
                0x08001838                FMPI2C1_error_IRQHandler
                0x08001838                TIM8_UP_TIM13_IRQHandler
                0x08001838                I2C3_ER_IRQHandler
                0x08001838                EXTI0_IRQHandler
                0x08001838                I2C2_EV_IRQHandler
                0x08001838                DMA1_Stream2_IRQHandler
                0x08001838                CAN1_RX0_IRQHandler
                0x08001838                OTG_HS_WKUP_IRQHandler
                0x08001838                UsageFault_Handler
                0x08001838                CAN2_SCE_IRQHandler
                0x08001838                DMA2_Stream2_IRQHandler
                0x08001838                SPI1_IRQHandler
                0x08001838                TIM6_DAC_IRQHandler
                0x08001838                TIM1_BRK_TIM9_IRQHandler
                0x08001838                DCMI_IRQHandler
                0x08001838                CAN2_RX0_IRQHandler
                0x08001838                DMA2_Stream3_IRQHandler
                0x08001838                FMPI2C1_IRQHandler
                0x08001838                SAI2_IRQHandler
                0x08001838                USART6_IRQHandler
                0x08001838                USART3_IRQHandler
                0x08001838                CAN1_RX1_IRQHandler
                0x08001838                UART5_IRQHandler
                0x08001838                DMA2_Stream0_IRQHandler
                0x08001838                I2C1_EV_IRQHandler
                0x08001838                HDMI_CEC_IRQHandler
                0x08001838                DMA1_Stream6_IRQHandler
                0x08001838                DMA1_Stream1_IRQHandler
                0x08001838                UART4_IRQHandler
                0x08001838                RCC_IRQHandler
                0x08001838                TIM8_BRK_TIM12_IRQHandler
                0x08001838                Default_Handler
                0x08001838                EXTI15_10_IRQHandler
                0x08001838                ADC_IRQHandler
                0x08001838                DMA1_Stream7_IRQHandler
                0x08001838                TIM7_IRQHandler
                0x08001838                CAN2_TX_IRQHandler
                0x08001838                DMA2_Stream7_IRQHandler
                0x08001838                I2C3_EV_IRQHandler
                0x08001838                EXTI9_5_IRQHandler
                0x08001838                RTC_WKUP_IRQHandler
                0x08001838                SPI2_IRQHandler
                0x08001838                OTG_HS_EP1_IN_IRQHandler
                0x08001838                MemManage_Handler
                0x08001838                DMA1_Stream0_IRQHandler
                0x08001838                CAN1_TX_IRQHandler
                0x08001838                SVC_Handler
                0x08001838                EXTI4_IRQHandler
                0x08001838                OTG_HS_EP1_OUT_IRQHandler
                0x08001838                WWDG_IRQHandler
                0x08001838                OTG_FS_WKUP_IRQHandler
                0x08001838                TIM1_TRG_COM_TIM11_IRQHandler
                0x08001838                OTG_HS_IRQHandler
                0x08001838                EXTI1_IRQHandler
                0x08001838                USART2_IRQHandler
                0x08001838                I2C2_ER_IRQHandler
                0x08001838                DMA2_Stream1_IRQHandler
                0x08001838                CAN1_SCE_IRQHandler
                0x08001838                FLASH_IRQHandler
                0x08001838                DMA2_Stream4_IRQHandler
                0x08001838                BusFault_Handler
                0x08001838                USART1_IRQHandler
                0x08001838                OTG_FS_IRQHandler
                0x08001838                SPI3_IRQHandler
                0x08001838                DMA1_Stream4_IRQHandler
                0x08001838                I2C1_ER_IRQHandler
                0x08001838                FMC_IRQHandler
                0x08001838                DMA2_Stream6_IRQHandler
                0x08001838                SAI1_IRQHandler
                0x08001838                DMA1_Stream3_IRQHandler
 .text.memset   0x0800183a       0x10 D:/STM32/STM32CubeIDE_1.19.0/STM32CubeIDE/plugins/com.st.stm32cube.ide.mcu.externaltools.gnu-tools-for-stm32.13.3.rel1.win32_1.0.0.202411081344/tools/bin/../lib/gcc/arm-none-eabi/13.3.1/../../../../arm-none-eabi/lib/thumb/v7e-m/nofp\libc_nano.a(libc_a-memset.o)
                0x0800183a                memset
 *fill*         0x0800184a        0x2 
 .text.__libc_init_array
                0x0800184c       0x48 D:/STM32/STM32CubeIDE_1.19.0/STM32CubeIDE/plugins/com.st.stm32cube.ide.mcu.externaltools.gnu-tools-for-stm32.13.3.rel1.win32_1.0.0.202411081344/tools/bin/../lib/gcc/arm-none-eabi/13.3.1/../../../../arm-none-eabi/lib/thumb/v7e-m/nofp\libc_nano.a(libc_a-init.o)
                0x0800184c                __libc_init_array
 *(.glue_7)
 .glue_7        0x08001894        0x0 linker stubs
 *(.glue_7t)
 .glue_7t       0x08001894        0x0 linker stubs
 *(.eh_frame)
 .eh_frame      0x08001894        0x0 D:/STM32/STM32CubeIDE_1.19.0/STM32CubeIDE/plugins/com.st.stm32cube.ide.mcu.externaltools.gnu-tools-for-stm32.13.3.rel1.win32_1.0.0.202411081344/tools/bin/../lib/gcc/arm-none-eabi/13.3.1/thumb/v7e-m/nofp/crtbegin.o
 *(.init)
 .init          0x08001894        0x4 D:/STM32/STM32CubeIDE_1.19.0/STM32CubeIDE/plugins/com.st.stm32cube.ide.mcu.externaltools.gnu-tools-for-stm32.13.3.rel1.win32_1.0.0.202411081344/tools/bin/../lib/gcc/arm-none-eabi/13.3.1/thumb/v7e-m/nofp/crti.o
                0x08001894                _init
 .init          0x08001898        0x8 D:/STM32/STM32CubeIDE_1.19.0/STM32CubeIDE/plugins/com.st.stm32cube.ide.mcu.externaltools.gnu-tools-for-stm32.13.3.rel1.win32_1.0.0.202411081344/tools/bin/../lib/gcc/arm-none-eabi/13.3.1/thumb/v7e-m/nofp/crtn.o
 *(.fini)
 .fini          0x080018a0        0x4 D:/STM32/STM32CubeIDE_1.19.0/STM32CubeIDE/plugins/com.st.stm32cube.ide.mcu.externaltools.gnu-tools-for-stm32.13.3.rel1.win32_1.0.0.202411081344/tools/bin/../lib/gcc/arm-none-eabi/13.3.1/thumb/v7e-m/nofp/crti.o
                0x080018a0                _fini
 .fini          0x080018a4        0x8 D:/STM32/STM32CubeIDE_1.19.0/STM32CubeIDE/plugins/com.st.stm32cube.ide.mcu.externaltools.gnu-tools-for-stm32.13.3.rel1.win32_1.0.0.202411081344/tools/bin/../lib/gcc/arm-none-eabi/13.3.1/thumb/v7e-m/nofp/crtn.o
                0x080018ac                        . = ALIGN (0x4)
                0x080018ac                        _etext = .

.vfp11_veneer   0x080018ac        0x0
 .vfp11_veneer  0x080018ac        0x0 linker stubs

.v4_bx          0x080018ac        0x0
 .v4_bx         0x080018ac        0x0 linker stubs

.iplt           0x080018ac        0x0
 .iplt          0x080018ac        0x0 D:/STM32/STM32CubeIDE_1.19.0/STM32CubeIDE/plugins/com.st.stm32cube.ide.mcu.externaltools.gnu-tools-for-stm32.13.3.rel1.win32_1.0.0.202411081344/tools/bin/../lib/gcc/arm-none-eabi/13.3.1/thumb/v7e-m/nofp/crtbegin.o

.rodata         0x080018ac        0x0
                0x080018ac                        . = ALIGN (0x4)
 *(.rodata)
 *(.rodata*)
                0x080018ac                        . = ALIGN (0x4)

.ARM.extab      0x080018ac        0x0
                0x080018ac                        . = ALIGN (0x4)
 *(.ARM.extab* .gnu.linkonce.armextab.*)
                0x080018ac                        . = ALIGN (0x4)

.ARM            0x080018ac        0x0
                0x080018ac                        . = ALIGN (0x4)
                0x080018ac                        __exidx_start = .
 *(.ARM.exidx*)
                0x080018ac                        __exidx_end = .
                0x080018ac                        . = ALIGN (0x4)

.preinit_array  0x080018ac        0x0
                0x080018ac                        . = ALIGN (0x4)
                0x080018ac                        PROVIDE (__preinit_array_start = .)
 *(.preinit_array*)
                0x080018ac                        PROVIDE (__preinit_array_end = .)
                0x080018ac                        . = ALIGN (0x4)

.init_array     0x080018ac        0x4
                0x080018ac                        . = ALIGN (0x4)
                0x080018ac                        PROVIDE (__init_array_start = .)
 *(SORT_BY_NAME(.init_array.*))
 *(.init_array*)
 .init_array    0x080018ac        0x4 D:/STM32/STM32CubeIDE_1.19.0/STM32CubeIDE/plugins/com.st.stm32cube.ide.mcu.externaltools.gnu-tools-for-stm32.13.3.rel1.win32_1.0.0.202411081344/tools/bin/../lib/gcc/arm-none-eabi/13.3.1/thumb/v7e-m/nofp/crtbegin.o
                0x080018b0                        PROVIDE (__init_array_end = .)
                0x080018b0                        . = ALIGN (0x4)

.fini_array     0x080018b0        0x4
                0x080018b0                        . = ALIGN (0x4)
                [!provide]                        PROVIDE (__fini_array_start = .)
 *(SORT_BY_NAME(.fini_array.*))
 *(.fini_array*)
 .fini_array    0x080018b0        0x4 D:/STM32/STM32CubeIDE_1.19.0/STM32CubeIDE/plugins/com.st.stm32cube.ide.mcu.externaltools.gnu-tools-for-stm32.13.3.rel1.win32_1.0.0.202411081344/tools/bin/../lib/gcc/arm-none-eabi/13.3.1/thumb/v7e-m/nofp/crtbegin.o
                [!provide]                        PROVIDE (__fini_array_end = .)
                0x080018b4                        . = ALIGN (0x4)
                0x080018b4                        _sidata = LOADADDR (.data)

.rel.dyn        0x080018b4        0x0
 .rel.iplt      0x080018b4        0x0 D:/STM32/STM32CubeIDE_1.19.0/STM32CubeIDE/plugins/com.st.stm32cube.ide.mcu.externaltools.gnu-tools-for-stm32.13.3.rel1.win32_1.0.0.202411081344/tools/bin/../lib/gcc/arm-none-eabi/13.3.1/thumb/v7e-m/nofp/crtbegin.o

.data           0x20000000       0x24 load address 0x080018b4
                0x20000000                        . = ALIGN (0x4)
                0x20000000                        _sdata = .
 *(.data)
 *(.data*)
 .data.clk_period
                0x20000000        0x4 ./Bsp/StepperMotor_A4988.o
 .data.arr      0x20000004        0x4 ./Bsp/StepperMotor_A4988.o
 .data.counter  0x20000008        0x4 ./Bsp/StepperMotor_A4988.o
 .data.status   0x2000000c        0x1 ./Bsp/StepperMotor_A4988.o
 *fill*         0x2000000d        0x3 
 .data.ccr      0x20000010        0x4 ./Bsp/StepperMotor_A4988.o
 .data.f0       0x20000014        0x4 ./Bsp/StepperMotor_A4988.o
                0x20000014                f0
 .data.f_max    0x20000018        0x4 ./Bsp/StepperMotor_A4988.o
                0x20000018                f_max
 .data.a_max    0x2000001c        0x4 ./Bsp/StepperMotor_A4988.o
                0x2000001c                a_max
 .data.j_max    0x20000020        0x4 ./Bsp/StepperMotor_A4988.o
                0x20000020                j_max
 *(.RamFunc)
 *(.RamFunc*)
                0x20000024                        . = ALIGN (0x4)
                0x20000024                        _edata = .

.igot.plt       0x20000024        0x0 load address 0x080018d8
 .igot.plt      0x20000024        0x0 D:/STM32/STM32CubeIDE_1.19.0/STM32CubeIDE/plugins/com.st.stm32cube.ide.mcu.externaltools.gnu-tools-for-stm32.13.3.rel1.win32_1.0.0.202411081344/tools/bin/../lib/gcc/arm-none-eabi/13.3.1/thumb/v7e-m/nofp/crtbegin.o
                0x20000024                        . = ALIGN (0x4)

.bss            0x20000024       0x98 load address 0x080018d8
                0x20000024                        _sbss = .
                0x20000024                        __bss_start__ = _sbss
 *(.bss)
 .bss           0x20000024       0x1c D:/STM32/STM32CubeIDE_1.19.0/STM32CubeIDE/plugins/com.st.stm32cube.ide.mcu.externaltools.gnu-tools-for-stm32.13.3.rel1.win32_1.0.0.202411081344/tools/bin/../lib/gcc/arm-none-eabi/13.3.1/thumb/v7e-m/nofp/crtbegin.o
 *(.bss*)
 .bss.steps_target
                0x20000040        0x4 ./Bsp/StepperMotor_A4988.o
                0x20000040                steps_target
 .bss.f         0x20000044        0x4 ./Bsp/StepperMotor_A4988.o
                0x20000044                f
 .bss.a         0x20000048        0x4 ./Bsp/StepperMotor_A4988.o
                0x20000048                a
 .bss.j         0x2000004c        0x4 ./Bsp/StepperMotor_A4988.o
                0x2000004c                j
 .bss.T         0x20000050        0x4 ./Bsp/StepperMotor_A4988.o
                0x20000050                T
 .bss.phase     0x20000054        0x1 ./Bsp/StepperMotor_A4988.o
                0x20000054                phase
 *fill*         0x20000055        0x3 
 .bss.TIM_handles
                0x20000058       0x50 ./Bsp/StepperMotor_A4988.o
                0x20000058                TIM_handles
 .bss.timer     0x200000a8       0x14 ./Src/main.o
                0x200000a8                timer
 *(COMMON)
                0x200000bc                        . = ALIGN (0x4)
                0x200000bc                        _ebss = .
                0x200000bc                        __bss_end__ = _ebss

._user_heap_stack
                0x200000bc      0x604 load address 0x080018d8
                0x200000c0                        . = ALIGN (0x8)
 *fill*         0x200000bc        0x4 
                [!provide]                        PROVIDE (end = .)
                0x200000c0                        PROVIDE (_end = .)
                0x200002c0                        . = (. + _Min_Heap_Size)
 *fill*         0x200000c0      0x200 
                0x200006c0                        . = (. + _Min_Stack_Size)
 *fill*         0x200002c0      0x400 
                0x200006c0                        . = ALIGN (0x8)

/DISCARD/
 libc.a(*)
 libm.a(*)
 libgcc.a(*)

.ARM.attributes
                0x00000000       0x2a
 *(.ARM.attributes)
 .ARM.attributes
                0x00000000       0x1e D:/STM32/STM32CubeIDE_1.19.0/STM32CubeIDE/plugins/com.st.stm32cube.ide.mcu.externaltools.gnu-tools-for-stm32.13.3.rel1.win32_1.0.0.202411081344/tools/bin/../lib/gcc/arm-none-eabi/13.3.1/thumb/v7e-m/nofp/crti.o
 .ARM.attributes
                0x0000001e       0x2e D:/STM32/STM32CubeIDE_1.19.0/STM32CubeIDE/plugins/com.st.stm32cube.ide.mcu.externaltools.gnu-tools-for-stm32.13.3.rel1.win32_1.0.0.202411081344/tools/bin/../lib/gcc/arm-none-eabi/13.3.1/thumb/v7e-m/nofp/crtbegin.o
 .ARM.attributes
                0x0000004c       0x2e ./Bsp/StepperMotor_A4988.o
 .ARM.attributes
                0x0000007a       0x2e ./Driver/src/stm32f446xx_GPIO_driver.o
 .ARM.attributes
                0x000000a8       0x2e ./Driver/src/stm32f446xx_Timer_driver.o
 .ARM.attributes
                0x000000d6       0x2e ./Src/main.o
 .ARM.attributes
                0x00000104       0x21 ./Startup/startup_stm32f446retx.o
 .ARM.attributes
                0x00000125       0x2e D:/STM32/STM32CubeIDE_1.19.0/STM32CubeIDE/plugins/com.st.stm32cube.ide.mcu.externaltools.gnu-tools-for-stm32.13.3.rel1.win32_1.0.0.202411081344/tools/bin/../lib/gcc/arm-none-eabi/13.3.1/../../../../arm-none-eabi/lib/thumb/v7e-m/nofp\libc_nano.a(libc_a-memset.o)
 .ARM.attributes
                0x00000153       0x2e D:/STM32/STM32CubeIDE_1.19.0/STM32CubeIDE/plugins/com.st.stm32cube.ide.mcu.externaltools.gnu-tools-for-stm32.13.3.rel1.win32_1.0.0.202411081344/tools/bin/../lib/gcc/arm-none-eabi/13.3.1/../../../../arm-none-eabi/lib/thumb/v7e-m/nofp\libc_nano.a(libc_a-init.o)
 .ARM.attributes
                0x00000181       0x1e D:/STM32/STM32CubeIDE_1.19.0/STM32CubeIDE/plugins/com.st.stm32cube.ide.mcu.externaltools.gnu-tools-for-stm32.13.3.rel1.win32_1.0.0.202411081344/tools/bin/../lib/gcc/arm-none-eabi/13.3.1/thumb/v7e-m/nofp\libgcc.a(_arm_addsubsf3.o)
 .ARM.attributes
                0x0000019f       0x1e D:/STM32/STM32CubeIDE_1.19.0/STM32CubeIDE/plugins/com.st.stm32cube.ide.mcu.externaltools.gnu-tools-for-stm32.13.3.rel1.win32_1.0.0.202411081344/tools/bin/../lib/gcc/arm-none-eabi/13.3.1/thumb/v7e-m/nofp\libgcc.a(_arm_muldivsf3.o)
 .ARM.attributes
                0x000001bd       0x1e D:/STM32/STM32CubeIDE_1.19.0/STM32CubeIDE/plugins/com.st.stm32cube.ide.mcu.externaltools.gnu-tools-for-stm32.13.3.rel1.win32_1.0.0.202411081344/tools/bin/../lib/gcc/arm-none-eabi/13.3.1/thumb/v7e-m/nofp\libgcc.a(_arm_cmpsf2.o)
 .ARM.attributes
                0x000001db       0x1e D:/STM32/STM32CubeIDE_1.19.0/STM32CubeIDE/plugins/com.st.stm32cube.ide.mcu.externaltools.gnu-tools-for-stm32.13.3.rel1.win32_1.0.0.202411081344/tools/bin/../lib/gcc/arm-none-eabi/13.3.1/thumb/v7e-m/nofp\libgcc.a(_arm_fixunssfsi.o)
 .ARM.attributes
                0x000001f9       0x1e D:/STM32/STM32CubeIDE_1.19.0/STM32CubeIDE/plugins/com.st.stm32cube.ide.mcu.externaltools.gnu-tools-for-stm32.13.3.rel1.win32_1.0.0.202411081344/tools/bin/../lib/gcc/arm-none-eabi/13.3.1/thumb/v7e-m/nofp/crtn.o
OUTPUT(A4988_Driver.elf elf32-littlearm)
LOAD linker stubs
LOAD D:/STM32/STM32CubeIDE_1.19.0/STM32CubeIDE/plugins/com.st.stm32cube.ide.mcu.externaltools.gnu-tools-for-stm32.13.3.rel1.win32_1.0.0.202411081344/tools/bin/../lib/gcc/arm-none-eabi/13.3.1/../../../../arm-none-eabi/lib/thumb/v7e-m/nofp\libc.a
LOAD D:/STM32/STM32CubeIDE_1.19.0/STM32CubeIDE/plugins/com.st.stm32cube.ide.mcu.externaltools.gnu-tools-for-stm32.13.3.rel1.win32_1.0.0.202411081344/tools/bin/../lib/gcc/arm-none-eabi/13.3.1/../../../../arm-none-eabi/lib/thumb/v7e-m/nofp\libm.a
LOAD D:/STM32/STM32CubeIDE_1.19.0/STM32CubeIDE/plugins/com.st.stm32cube.ide.mcu.externaltools.gnu-tools-for-stm32.13.3.rel1.win32_1.0.0.202411081344/tools/bin/../lib/gcc/arm-none-eabi/13.3.1/thumb/v7e-m/nofp\libgcc.a

.debug_info     0x00000000     0x18e6
 .debug_info    0x00000000      0x7d3 ./Bsp/StepperMotor_A4988.o
 .debug_info    0x000007d3      0x707 ./Driver/src/stm32f446xx_GPIO_driver.o
 .debug_info    0x00000eda      0x57c ./Driver/src/stm32f446xx_Timer_driver.o
 .debug_info    0x00001456      0x460 ./Src/main.o
 .debug_info    0x000018b6       0x30 ./Startup/startup_stm32f446retx.o

.debug_abbrev   0x00000000      0x662
 .debug_abbrev  0x00000000      0x20a ./Bsp/StepperMotor_A4988.o
 .debug_abbrev  0x0000020a      0x15a ./Driver/src/stm32f446xx_GPIO_driver.o
 .debug_abbrev  0x00000364      0x16f ./Driver/src/stm32f446xx_Timer_driver.o
 .debug_abbrev  0x000004d3      0x16b ./Src/main.o
 .debug_abbrev  0x0000063e       0x24 ./Startup/startup_stm32f446retx.o

.debug_aranges  0x00000000      0x170
 .debug_aranges
                0x00000000       0x70 ./Bsp/StepperMotor_A4988.o
 .debug_aranges
                0x00000070       0x70 ./Driver/src/stm32f446xx_GPIO_driver.o
 .debug_aranges
                0x000000e0       0x48 ./Driver/src/stm32f446xx_Timer_driver.o
 .debug_aranges
                0x00000128       0x20 ./Src/main.o
 .debug_aranges
                0x00000148       0x28 ./Startup/startup_stm32f446retx.o

.debug_rnglists
                0x00000000      0x108
 .debug_rnglists
                0x00000000       0x53 ./Bsp/StepperMotor_A4988.o
 .debug_rnglists
                0x00000053       0x53 ./Driver/src/stm32f446xx_GPIO_driver.o
 .debug_rnglists
                0x000000a6       0x35 ./Driver/src/stm32f446xx_Timer_driver.o
 .debug_rnglists
                0x000000db       0x14 ./Src/main.o
 .debug_rnglists
                0x000000ef       0x19 ./Startup/startup_stm32f446retx.o

.debug_macro    0x00000000     0x2a1e
 .debug_macro   0x00000000      0x182 ./Bsp/StepperMotor_A4988.o
 .debug_macro   0x00000182      0xaba ./Bsp/StepperMotor_A4988.o
 .debug_macro   0x00000c3c       0x22 ./Bsp/StepperMotor_A4988.o
 .debug_macro   0x00000c5e       0x8e ./Bsp/StepperMotor_A4988.o
 .debug_macro   0x00000cec       0x51 ./Bsp/StepperMotor_A4988.o
 .debug_macro   0x00000d3d      0x103 ./Bsp/StepperMotor_A4988.o
 .debug_macro   0x00000e40       0x6a ./Bsp/StepperMotor_A4988.o
 .debug_macro   0x00000eaa      0x1df ./Bsp/StepperMotor_A4988.o
 .debug_macro   0x00001089      0x582 ./Bsp/StepperMotor_A4988.o
 .debug_macro   0x0000160b       0xc4 ./Bsp/StepperMotor_A4988.o
 .debug_macro   0x000016cf       0xb2 ./Bsp/StepperMotor_A4988.o
 .debug_macro   0x00001781       0x2e ./Bsp/StepperMotor_A4988.o
 .debug_macro   0x000017af      0x190 ./Bsp/StepperMotor_A4988.o
 .debug_macro   0x0000193f       0x61 ./Bsp/StepperMotor_A4988.o
 .debug_macro   0x000019a0       0x24 ./Bsp/StepperMotor_A4988.o
 .debug_macro   0x000019c4       0x43 ./Bsp/StepperMotor_A4988.o
 .debug_macro   0x00001a07       0x34 ./Bsp/StepperMotor_A4988.o
 .debug_macro   0x00001a3b      0x370 ./Bsp/StepperMotor_A4988.o
 .debug_macro   0x00001dab       0x16 ./Bsp/StepperMotor_A4988.o
 .debug_macro   0x00001dc1       0x4a ./Bsp/StepperMotor_A4988.o
 .debug_macro   0x00001e0b       0x34 ./Bsp/StepperMotor_A4988.o
 .debug_macro   0x00001e3f       0x10 ./Bsp/StepperMotor_A4988.o
 .debug_macro   0x00001e4f       0x58 ./Bsp/StepperMotor_A4988.o
 .debug_macro   0x00001ea7       0x8e ./Bsp/StepperMotor_A4988.o
 .debug_macro   0x00001f35       0x1c ./Bsp/StepperMotor_A4988.o
 .debug_macro   0x00001f51      0x185 ./Bsp/StepperMotor_A4988.o
 .debug_macro   0x000020d6       0x10 ./Bsp/StepperMotor_A4988.o
 .debug_macro   0x000020e6       0x3c ./Bsp/StepperMotor_A4988.o
 .debug_macro   0x00002122       0x20 ./Bsp/StepperMotor_A4988.o
 .debug_macro   0x00002142       0x9a ./Driver/src/stm32f446xx_GPIO_driver.o
 .debug_macro   0x000021dc       0xac ./Driver/src/stm32f446xx_GPIO_driver.o
 .debug_macro   0x00002288       0x9a ./Driver/src/stm32f446xx_Timer_driver.o
 .debug_macro   0x00002322      0x174 ./Src/main.o
 .debug_macro   0x00002496      0x588 ./Src/main.o

.debug_line     0x00000000     0x25a4
 .debug_line    0x00000000      0x9c1 ./Bsp/StepperMotor_A4988.o
 .debug_line    0x000009c1      0xb98 ./Driver/src/stm32f446xx_GPIO_driver.o
 .debug_line    0x00001559      0x8f8 ./Driver/src/stm32f446xx_Timer_driver.o
 .debug_line    0x00001e51      0x6d8 ./Src/main.o
 .debug_line    0x00002529       0x7b ./Startup/startup_stm32f446retx.o

.debug_str      0x00000000     0x9672
 .debug_str     0x00000000     0x9672 ./Bsp/StepperMotor_A4988.o
                               0x956e (size before relaxing)
 .debug_str     0x00009672     0x5f33 ./Driver/src/stm32f446xx_GPIO_driver.o
 .debug_str     0x00009672     0x5e56 ./Driver/src/stm32f446xx_Timer_driver.o
 .debug_str     0x00009672     0x9327 ./Src/main.o
 .debug_str     0x00009672       0x7c ./Startup/startup_stm32f446retx.o

.comment        0x00000000       0x43
 .comment       0x00000000       0x43 ./Bsp/StepperMotor_A4988.o
                                 0x44 (size before relaxing)
 .comment       0x00000043       0x44 ./Driver/src/stm32f446xx_GPIO_driver.o
 .comment       0x00000043       0x44 ./Driver/src/stm32f446xx_Timer_driver.o
 .comment       0x00000043       0x44 ./Src/main.o

.debug_frame    0x00000000      0x630
 .debug_frame   0x00000000      0x184 ./Bsp/StepperMotor_A4988.o
 .debug_frame   0x00000184      0x1c8 ./Driver/src/stm32f446xx_GPIO_driver.o
 .debug_frame   0x0000034c       0xf8 ./Driver/src/stm32f446xx_Timer_driver.o
 .debug_frame   0x00000444       0x30 ./Src/main.o
 .debug_frame   0x00000474       0x20 D:/STM32/STM32CubeIDE_1.19.0/STM32CubeIDE/plugins/com.st.stm32cube.ide.mcu.externaltools.gnu-tools-for-stm32.13.3.rel1.win32_1.0.0.202411081344/tools/bin/../lib/gcc/arm-none-eabi/13.3.1/../../../../arm-none-eabi/lib/thumb/v7e-m/nofp\libc_nano.a(libc_a-memset.o)
 .debug_frame   0x00000494       0x2c D:/STM32/STM32CubeIDE_1.19.0/STM32CubeIDE/plugins/com.st.stm32cube.ide.mcu.externaltools.gnu-tools-for-stm32.13.3.rel1.win32_1.0.0.202411081344/tools/bin/../lib/gcc/arm-none-eabi/13.3.1/../../../../arm-none-eabi/lib/thumb/v7e-m/nofp\libc_nano.a(libc_a-init.o)
 .debug_frame   0x000004c0       0x4c D:/STM32/STM32CubeIDE_1.19.0/STM32CubeIDE/plugins/com.st.stm32cube.ide.mcu.externaltools.gnu-tools-for-stm32.13.3.rel1.win32_1.0.0.202411081344/tools/bin/../lib/gcc/arm-none-eabi/13.3.1/thumb/v7e-m/nofp\libgcc.a(_arm_addsubsf3.o)
 .debug_frame   0x0000050c       0x38 D:/STM32/STM32CubeIDE_1.19.0/STM32CubeIDE/plugins/com.st.stm32cube.ide.mcu.externaltools.gnu-tools-for-stm32.13.3.rel1.win32_1.0.0.202411081344/tools/bin/../lib/gcc/arm-none-eabi/13.3.1/thumb/v7e-m/nofp\libgcc.a(_arm_muldivsf3.o)
 .debug_frame   0x00000544       0xc8 D:/STM32/STM32CubeIDE_1.19.0/STM32CubeIDE/plugins/com.st.stm32cube.ide.mcu.externaltools.gnu-tools-for-stm32.13.3.rel1.win32_1.0.0.202411081344/tools/bin/../lib/gcc/arm-none-eabi/13.3.1/thumb/v7e-m/nofp\libgcc.a(_arm_cmpsf2.o)
 .debug_frame   0x0000060c       0x24 D:/STM32/STM32CubeIDE_1.19.0/STM32CubeIDE/plugins/com.st.stm32cube.ide.mcu.externaltools.gnu-tools-for-stm32.13.3.rel1.win32_1.0.0.202411081344/tools/bin/../lib/gcc/arm-none-eabi/13.3.1/thumb/v7e-m/nofp\libgcc.a(_arm_fixunssfsi.o)

.debug_line_str
                0x00000000       0x60
 .debug_line_str
                0x00000000       0x60 ./Startup/startup_stm32f446retx.o
