Archive member included to satisfy reference by file (symbol)

D:/STM32/STM32CubeIDE_1.19.0/STM32CubeIDE/plugins/com.st.stm32cube.ide.mcu.externaltools.gnu-tools-for-stm32.13.3.rel1.win32_1.0.0.202411081344/tools/bin/../lib/gcc/arm-none-eabi/13.3.1/../../../../arm-none-eabi/lib/thumb/v7e-m/nofp\libc_nano.a(libc_a-exit.o)
                              D:/STM32/STM32CubeIDE_1.19.0/STM32CubeIDE/plugins/com.st.stm32cube.ide.mcu.externaltools.gnu-tools-for-stm32.13.3.rel1.win32_1.0.0.202411081344/tools/bin/../lib/gcc/arm-none-eabi/13.3.1/../../../../arm-none-eabi/lib/thumb/v7e-m/nofp/crt0.o (exit)
D:/STM32/STM32CubeIDE_1.19.0/STM32CubeIDE/plugins/com.st.stm32cube.ide.mcu.externaltools.gnu-tools-for-stm32.13.3.rel1.win32_1.0.0.202411081344/tools/bin/../lib/gcc/arm-none-eabi/13.3.1/../../../../arm-none-eabi/lib/thumb/v7e-m/nofp\libc_nano.a(libc_a-findfp.o)
                              D:/STM32/STM32CubeIDE_1.19.0/STM32CubeIDE/plugins/com.st.stm32cube.ide.mcu.externaltools.gnu-tools-for-stm32.13.3.rel1.win32_1.0.0.202411081344/tools/bin/../lib/gcc/arm-none-eabi/13.3.1/../../../../arm-none-eabi/lib/thumb/v7e-m/nofp\libc_nano.a(libc_a-exit.o) (__stdio_exit_handler)
D:/STM32/STM32CubeIDE_1.19.0/STM32CubeIDE/plugins/com.st.stm32cube.ide.mcu.externaltools.gnu-tools-for-stm32.13.3.rel1.win32_1.0.0.202411081344/tools/bin/../lib/gcc/arm-none-eabi/13.3.1/../../../../arm-none-eabi/lib/thumb/v7e-m/nofp\libc_nano.a(libc_a-fwalk.o)
                              D:/STM32/STM32CubeIDE_1.19.0/STM32CubeIDE/plugins/com.st.stm32cube.ide.mcu.externaltools.gnu-tools-for-stm32.13.3.rel1.win32_1.0.0.202411081344/tools/bin/../lib/gcc/arm-none-eabi/13.3.1/../../../../arm-none-eabi/lib/thumb/v7e-m/nofp\libc_nano.a(libc_a-findfp.o) (_fwalk_sglue)
D:/STM32/STM32CubeIDE_1.19.0/STM32CubeIDE/plugins/com.st.stm32cube.ide.mcu.externaltools.gnu-tools-for-stm32.13.3.rel1.win32_1.0.0.202411081344/tools/bin/../lib/gcc/arm-none-eabi/13.3.1/../../../../arm-none-eabi/lib/thumb/v7e-m/nofp\libc_nano.a(libc_a-stdio.o)
                              D:/STM32/STM32CubeIDE_1.19.0/STM32CubeIDE/plugins/com.st.stm32cube.ide.mcu.externaltools.gnu-tools-for-stm32.13.3.rel1.win32_1.0.0.202411081344/tools/bin/../lib/gcc/arm-none-eabi/13.3.1/../../../../arm-none-eabi/lib/thumb/v7e-m/nofp\libc_nano.a(libc_a-findfp.o) (__sread)
D:/STM32/STM32CubeIDE_1.19.0/STM32CubeIDE/plugins/com.st.stm32cube.ide.mcu.externaltools.gnu-tools-for-stm32.13.3.rel1.win32_1.0.0.202411081344/tools/bin/../lib/gcc/arm-none-eabi/13.3.1/../../../../arm-none-eabi/lib/thumb/v7e-m/nofp\libc_nano.a(libc_a-memset.o)
                              D:/STM32/STM32CubeIDE_1.19.0/STM32CubeIDE/plugins/com.st.stm32cube.ide.mcu.externaltools.gnu-tools-for-stm32.13.3.rel1.win32_1.0.0.202411081344/tools/bin/../lib/gcc/arm-none-eabi/13.3.1/../../../../arm-none-eabi/lib/thumb/v7e-m/nofp/crt0.o (memset)
D:/STM32/STM32CubeIDE_1.19.0/STM32CubeIDE/plugins/com.st.stm32cube.ide.mcu.externaltools.gnu-tools-for-stm32.13.3.rel1.win32_1.0.0.202411081344/tools/bin/../lib/gcc/arm-none-eabi/13.3.1/../../../../arm-none-eabi/lib/thumb/v7e-m/nofp\libc_nano.a(libc_a-closer.o)
                              D:/STM32/STM32CubeIDE_1.19.0/STM32CubeIDE/plugins/com.st.stm32cube.ide.mcu.externaltools.gnu-tools-for-stm32.13.3.rel1.win32_1.0.0.202411081344/tools/bin/../lib/gcc/arm-none-eabi/13.3.1/../../../../arm-none-eabi/lib/thumb/v7e-m/nofp\libc_nano.a(libc_a-stdio.o) (_close_r)
D:/STM32/STM32CubeIDE_1.19.0/STM32CubeIDE/plugins/com.st.stm32cube.ide.mcu.externaltools.gnu-tools-for-stm32.13.3.rel1.win32_1.0.0.202411081344/tools/bin/../lib/gcc/arm-none-eabi/13.3.1/../../../../arm-none-eabi/lib/thumb/v7e-m/nofp\libc_nano.a(libc_a-reent.o)
                              D:/STM32/STM32CubeIDE_1.19.0/STM32CubeIDE/plugins/com.st.stm32cube.ide.mcu.externaltools.gnu-tools-for-stm32.13.3.rel1.win32_1.0.0.202411081344/tools/bin/../lib/gcc/arm-none-eabi/13.3.1/../../../../arm-none-eabi/lib/thumb/v7e-m/nofp\libc_nano.a(libc_a-closer.o) (errno)
D:/STM32/STM32CubeIDE_1.19.0/STM32CubeIDE/plugins/com.st.stm32cube.ide.mcu.externaltools.gnu-tools-for-stm32.13.3.rel1.win32_1.0.0.202411081344/tools/bin/../lib/gcc/arm-none-eabi/13.3.1/../../../../arm-none-eabi/lib/thumb/v7e-m/nofp\libc_nano.a(libc_a-impure.o)
                              D:/STM32/STM32CubeIDE_1.19.0/STM32CubeIDE/plugins/com.st.stm32cube.ide.mcu.externaltools.gnu-tools-for-stm32.13.3.rel1.win32_1.0.0.202411081344/tools/bin/../lib/gcc/arm-none-eabi/13.3.1/../../../../arm-none-eabi/lib/thumb/v7e-m/nofp\libc_nano.a(libc_a-reent.o) (_impure_ptr)
D:/STM32/STM32CubeIDE_1.19.0/STM32CubeIDE/plugins/com.st.stm32cube.ide.mcu.externaltools.gnu-tools-for-stm32.13.3.rel1.win32_1.0.0.202411081344/tools/bin/../lib/gcc/arm-none-eabi/13.3.1/../../../../arm-none-eabi/lib/thumb/v7e-m/nofp\libc_nano.a(libc_a-lseekr.o)
[...]
Memory Configuration

Name             Origin             Length             Attributes
RAM              0x20000000         0x00020000         xrw
FLASH            0x08000000         0x00080000         xr
*default*        0x00000000         0xffffffff

Linker script and memory map

LOAD D:/STM32/STM32CubeIDE_1.19.0/STM32CubeIDE/plugins/com.st.stm32cube.ide.mcu.externaltools.gnu-tools-for-stm32.13.3.rel1.win32_1.0.0.202411081344/tools/bin/../lib/gcc/arm-none-eabi/13.3.1/thumb/v7e-m/nofp/crti.o
LOAD D:/STM32/STM32CubeIDE_1.19.0/STM32CubeIDE/plugins/com.st.stm32cube.ide.mcu.externaltools.gnu-tools-for-stm32.13.3.rel1.win32_1.0.0.202411081344/tools/bin/../lib/gcc/arm-none-eabi/13.3.1/thumb/v7e-m/nofp/crtbegin.o
LOAD D:/STM32/STM32CubeIDE_1.19.0/STM32CubeIDE/plugins/com.st.stm32cube.ide.mcu.externaltools.gnu-tools-for-stm32.13.3.rel1.win32_1.0.0.202411081344/tools/bin/../lib/gcc/arm-none-eabi/13.3.1/../../../../arm-none-eabi/lib/thumb/v7e-m/nofp/crt0.o
LOAD ./Bsp/StepperMotor_A4988.o
LOAD ./Driver/src/stm32f446xx_GPIO_driver.o
LOAD ./Driver/src/stm32f446xx_Timer_driver.o
LOAD ./Src/main.o
LOAD ./Src/syscalls.o
LOAD ./Src/sysmem.o
LOAD ./Startup/startup_stm32f446retx.o
START GROUP
LOAD D:/STM32/STM32CubeIDE_1.19.0/STM32CubeIDE/plugins/com.st.stm32cube.ide.mcu.externaltools.gnu-tools-for-stm32.13.3.rel1.win32_1.0.0.202411081344/tools/bin/../lib/gcc/arm-none-eabi/13.3.1/../../../../arm-none-eabi/lib/thumb/v7e-m/nofp\libc_nano.a
LOAD D:/STM32/STM32CubeIDE_1.19.0/STM32CubeIDE/plugins/com.st.stm32cube.ide.mcu.externaltools.gnu-tools-for-stm32.13.3.rel1.win32_1.0.0.202411081344/tools/bin/../lib/gcc/arm-none-eabi/13.3.1/../../../../arm-none-eabi/lib/thumb/v7e-m/nofp\libm.a
END GROUP
START GROUP
LOAD D:/STM32/STM32CubeIDE_1.19.0/STM32CubeIDE/plugins/com.st.stm32cube.ide.mcu.externaltools.gnu-tools-for-stm32.13.3.rel1.win32_1.0.0.202411081344/tools/bin/../lib/gcc/arm-none-eabi/13.3.1/thumb/v7e-m/nofp\libgcc.a
LOAD D:/STM32/STM32CubeIDE_1.19.0/STM32CubeIDE/plugins/com.st.stm32cube.ide.mcu.externaltools.gnu-tools-for-stm32.13.3.rel1.win32_1.0.0.202411081344/tools/bin/../lib/gcc/arm-none-eabi/13.3.1/../../../../arm-none-eabi/lib/thumb/v7e-m/nofp\libc_nano.a
END GROUP
START GROUP
LOAD D:/STM32/STM32CubeIDE_1.19.0/STM32CubeIDE/plugins/com.st.stm32cube.ide.mcu.externaltools.gnu-tools-for-stm32.13.3.rel1.win32_1.0.0.202411081344/tools/bin/../lib/gcc/arm-none-eabi/13.3.1/thumb/v7e-m/nofp\libgcc.a
LOAD D:/STM32/STM32CubeIDE_1.19.0/STM32CubeIDE/plugins/com.st.stm32cube.ide.mcu.externaltools.gnu-tools-for-stm32.13.3.rel1.win32_1.0.0.202411081344/tools/bin/../lib/gcc/arm-none-eabi/13.3.1/../../../../arm-none-eabi/lib/thumb/v7e-m/nofp\libc_nano.a
LOAD D:/STM32/STM32CubeIDE_1.19.0/STM32CubeIDE/plugins/com.st.stm32cube.ide.mcu.externaltools.gnu-tools-for-stm32.13.3.rel1.win32_1.0.0.202411081344/tools/bin/../lib/gcc/arm-none-eabi/13.3.1/../../../../arm-none-eabi/lib/thumb/v7e-m/nofp\libnosys.a
END GROUP
START GROUP
LOAD D:/STM32/STM32CubeIDE_1.19.0/STM32CubeIDE/plugins/com.st.stm32cube.ide.mcu.externaltools.gnu-tools-for-stm32.13.3.rel1.win32_1.0.0.202411081344/tools/bin/../lib/gcc/arm-none-eabi/13.3.1/thumb/v7e-m/nofp\libgcc.a
LOAD D:/STM32/STM32CubeIDE_1.19.0/STM32CubeIDE/plugins/com.st.stm32cube.ide.mcu.externaltools.gnu-tools-for-stm32.13.3.rel1.win32_1.0.0.202411081344/tools/bin/../lib/gcc/arm-none-eabi/13.3.1/../../../../arm-none-eabi/lib/thumb/v7e-m/nofp\libc_nano.a
LOAD D:/STM32/STM32CubeIDE_1.19.0/STM32CubeIDE/plugins/com.st.stm32cube.ide.mcu.externaltools.gnu-tools-for-stm32.13.3.rel1.win32_1.0.0.202411081344/tools/bin/../lib/gcc/arm-none-eabi/13.3.1/../../../../arm-none-eabi/lib/thumb/v7e-m/nofp\libnosys.a
END GROUP
LOAD D:/STM32/STM32CubeIDE_1.19.0/STM32CubeIDE/plugins/com.st.stm32cube.ide.mcu.externaltools.gnu-tools-for-stm32.13.3.rel1.win32_1.0.0.202411081344/tools/bin/../lib/gcc/arm-none-eabi/13.3.1/thumb/v7e-m/nofp/crtend.o
LOAD D:/STM32/STM32CubeIDE_1.19.0/STM32CubeIDE/plugins/com.st.stm32cube.ide.mcu.externaltools.gnu-tools-for-stm32.13.3.rel1.win32_1.0.0.202411081344/tools/bin/../lib/gcc/arm-none-eabi/13.3.1/thumb/v7e-m/nofp/crtn.o
                0x20020000                        _estack = (ORIGIN (RAM) + LENGTH (RAM))
                0x00000200                        _Min_Heap_Size = 0x200
                0x00000400                        _Min_Stack_Size = 0x400

.isr_vector     0x08000000      0x1c4
                0x08000000                        . = ALIGN (0x4)
 *(.isr_vector)
 .isr_vector    0x08000000      0x1c4 ./Startup/startup_stm32f446retx.o
                0x08000000                g_pfnVectors
                0x080001c4                        . = ALIGN (0x4)

.text           0x080001c4      0xae8
                0x080001c4                        . = ALIGN (0x4)
 *(.text)
 .text          0x080001c4       0x40 D:/STM32/STM32CubeIDE_1.19.0/STM32CubeIDE/plugins/com.st.stm32cube.ide.mcu.externaltools.gnu-tools-for-stm32.13.3.rel1.win32_1.0.0.202411081344/tools/bin/../lib/gcc/arm-none-eabi/13.3.1/thumb/v7e-m/nofp/crtbegin.o
 *(.text*)
 .text.GPIO_Init
                0x08000204      0x34c ./Driver/src/stm32f446xx_GPIO_driver.o
                0x08000204                GPIO_Init
 .text.GPIO_PeriClockControl
                0x08000550      0x1a0 ./Driver/src/stm32f446xx_GPIO_driver.o
                0x08000550                GPIO_PeriClockControl
 .text.TIM_Init
                0x080006f0       0x88 ./Driver/src/stm32f446xx_Timer_driver.o
                0x080006f0                TIM_Init
 .text.TIM_PeriClockControl
                0x08000778       0xdc ./Driver/src/stm32f446xx_Timer_driver.o
                0x08000778                TIM_PeriClockControl
 .text.TIM_SetCompareModeChannel
                0x08000854      0x140 ./Driver/src/stm32f446xx_Timer_driver.o
 .text.TIM_InterruptEnable
                0x08000994       0x3c ./Driver/src/stm32f446xx_Timer_driver.o
                0x08000994                TIM_InterruptEnable
 .text.TIM_IRQInterruptConfig
                0x080009d0      0x108 ./Driver/src/stm32f446xx_Timer_driver.o
                0x080009d0                TIM_IRQInterruptConfig
 .text.main     0x08000ad8       0xa4 ./Src/main.o
                0x08000ad8                main
 .text.TIM2_IRQHandler
                0x08000b7c       0x6c ./Src/main.o
                0x08000b7c                TIM2_IRQHandler
 .text.Reset_Handler
                0x08000be8       0x50 ./Startup/startup_stm32f446retx.o
                0x08000be8                Reset_Handler
 .text.Default_Handler
                0x08000c38        0x2 ./Startup/startup_stm32f446retx.o
                0x08000c38                RTC_Alarm_IRQHandler
                0x08000c38                EXTI2_IRQHandler
                0x08000c38                TIM8_CC_IRQHandler
                0x08000c38                SPDIF_Rx_IRQHandler
                0x08000c38                DebugMon_Handler
                0x08000c38                SPI4_IRQHandler
                0x08000c38                TIM1_CC_IRQHandler
                0x08000c38                QuadSPI_IRQHandler
                0x08000c38                DMA2_Stream5_IRQHandler
                0x08000c38                HardFault_Handler
                0x08000c38                DMA1_Stream5_IRQHandler
                0x08000c38                SysTick_Handler
                0x08000c38                PVD_IRQHandler
                0x08000c38                SDIO_IRQHandler
                0x08000c38                TAMP_STAMP_IRQHandler
                0x08000c38                PendSV_Handler
                0x08000c38                NMI_Handler
                0x08000c38                CAN2_RX1_IRQHandler
                0x08000c38                EXTI3_IRQHandler
                0x08000c38                TIM8_TRG_COM_TIM14_IRQHandler
                0x08000c38                TIM1_UP_TIM10_IRQHandler
                0x08000c38                FMPI2C1_error_IRQHandler
                0x08000c38                TIM8_UP_TIM13_IRQHandler
                0x08000c38                I2C3_ER_IRQHandler
                0x08000c38                EXTI0_IRQHandler
                0x08000c38                I2C2_EV_IRQHandler
                0x08000c38                DMA1_Stream2_IRQHandler
                0x08000c38                CAN1_RX0_IRQHandler
                0x08000c38                OTG_HS_WKUP_IRQHandler
                0x08000c38                UsageFault_Handler
                0x08000c38                CAN2_SCE_IRQHandler
                0x08000c38                DMA2_Stream2_IRQHandler
                0x08000c38                SPI1_IRQHandler
                0x08000c38                TIM6_DAC_IRQHandler
                0x08000c38                TIM1_BRK_TIM9_IRQHandler
                0x08000c38                DCMI_IRQHandler
                0x08000c38                CAN2_RX0_IRQHandler
                0x08000c38                DMA2_Stream3_IRQHandler
                0x08000c38                FMPI2C1_IRQHandler
                0x08000c38                SAI2_IRQHandler
                0x08000c38                USART6_IRQHandler
                0x08000c38                USART3_IRQHandler
                0x08000c38                CAN1_RX1_IRQHandler
                0x08000c38                UART5_IRQHandler
                0x08000c38                DMA2_Stream0_IRQHandler
                0x08000c38                TIM4_IRQHandler
                0x08000c38                I2C1_EV_IRQHandler
                0x08000c38                HDMI_CEC_IRQHandler
                0x08000c38                DMA1_Stream6_IRQHandler
                0x08000c38                DMA1_Stream1_IRQHandler
                0x08000c38                UART4_IRQHandler
                0x08000c38                TIM3_IRQHandler
                0x08000c38                RCC_IRQHandler
                0x08000c38                TIM8_BRK_TIM12_IRQHandler
                0x08000c38                Default_Handler
                0x08000c38                EXTI15_10_IRQHandler
                0x08000c38                ADC_IRQHandler
                0x08000c38                DMA1_Stream7_IRQHandler
                0x08000c38                TIM7_IRQHandler
                0x08000c38                CAN2_TX_IRQHandler
                0x08000c38                TIM5_IRQHandler
                0x08000c38                DMA2_Stream7_IRQHandler
                0x08000c38                I2C3_EV_IRQHandler
                0x08000c38                EXTI9_5_IRQHandler
                0x08000c38                RTC_WKUP_IRQHandler
                0x08000c38                SPI2_IRQHandler
                0x08000c38                OTG_HS_EP1_IN_IRQHandler
                0x08000c38                MemManage_Handler
                0x08000c38                DMA1_Stream0_IRQHandler
                0x08000c38                CAN1_TX_IRQHandler
                0x08000c38                SVC_Handler
                0x08000c38                EXTI4_IRQHandler
                0x08000c38                OTG_HS_EP1_OUT_IRQHandler
                0x08000c38                WWDG_IRQHandler
                0x08000c38                OTG_FS_WKUP_IRQHandler
                0x08000c38                TIM1_TRG_COM_TIM11_IRQHandler
                0x08000c38                OTG_HS_IRQHandler
                0x08000c38                EXTI1_IRQHandler
                0x08000c38                USART2_IRQHandler
                0x08000c38                I2C2_ER_IRQHandler
                0x08000c38                DMA2_Stream1_IRQHandler
                0x08000c38                CAN1_SCE_IRQHandler
                0x08000c38                FLASH_IRQHandler
                0x08000c38                DMA2_Stream4_IRQHandler
                0x08000c38                BusFault_Handler
                0x08000c38                USART1_IRQHandler
                0x08000c38                OTG_FS_IRQHandler
                0x08000c38                SPI3_IRQHandler
                0x08000c38                DMA1_Stream4_IRQHandler
                0x08000c38                I2C1_ER_IRQHandler
                0x08000c38                FMC_IRQHandler
                0x08000c38                DMA2_Stream6_IRQHandler
                0x08000c38                SAI1_IRQHandler
                0x08000c38                DMA1_Stream3_IRQHandler
 .text.memset   0x08000c3a       0x10 D:/STM32/STM32CubeIDE_1.19.0/STM32CubeIDE/plugins/com.st.stm32cube.ide.mcu.externaltools.gnu-tools-for-stm32.13.3.rel1.win32_1.0.0.202411081344/tools/bin/../lib/gcc/arm-none-eabi/13.3.1/../../../../arm-none-eabi/lib/thumb/v7e-m/nofp\libc_nano.a(libc_a-memset.o)
                0x08000c3a                memset
 *fill*         0x08000c4a        0x2 
 .text.__libc_init_array
                0x08000c4c       0x48 D:/STM32/STM32CubeIDE_1.19.0/STM32CubeIDE/plugins/com.st.stm32cube.ide.mcu.externaltools.gnu-tools-for-stm32.13.3.rel1.win32_1.0.0.202411081344/tools/bin/../lib/gcc/arm-none-eabi/13.3.1/../../../../arm-none-eabi/lib/thumb/v7e-m/nofp\libc_nano.a(libc_a-init.o)
                0x08000c4c                __libc_init_array
 *(.glue_7)
 .glue_7        0x08000c94        0x0 linker stubs
 *(.glue_7t)
 .glue_7t       0x08000c94        0x0 linker stubs
 *(.eh_frame)
 .eh_frame      0x08000c94        0x0 D:/STM32/STM32CubeIDE_1.19.0/STM32CubeIDE/plugins/com.st.stm32cube.ide.mcu.externaltools.gnu-tools-for-stm32.13.3.rel1.win32_1.0.0.202411081344/tools/bin/../lib/gcc/arm-none-eabi/13.3.1/thumb/v7e-m/nofp/crtbegin.o
 *(.init)
 .init          0x08000c94        0x4 D:/STM32/STM32CubeIDE_1.19.0/STM32CubeIDE/plugins/com.st.stm32cube.ide.mcu.externaltools.gnu-tools-for-stm32.13.3.rel1.win32_1.0.0.202411081344/tools/bin/../lib/gcc/arm-none-eabi/13.3.1/thumb/v7e-m/nofp/crti.o
                0x08000c94                _init
 .init          0x08000c98        0x8 D:/STM32/STM32CubeIDE_1.19.0/STM32CubeIDE/plugins/com.st.stm32cube.ide.mcu.externaltools.gnu-tools-for-stm32.13.3.rel1.win32_1.0.0.202411081344/tools/bin/../lib/gcc/arm-none-eabi/13.3.1/thumb/v7e-m/nofp/crtn.o
 *(.fini)
 .fini          0x08000ca0        0x4 D:/STM32/STM32CubeIDE_1.19.0/STM32CubeIDE/plugins/com.st.stm32cube.ide.mcu.externaltools.gnu-tools-for-stm32.13.3.rel1.win32_1.0.0.202411081344/tools/bin/../lib/gcc/arm-none-eabi/13.3.1/thumb/v7e-m/nofp/crti.o
                0x08000ca0                _fini
 .fini          0x08000ca4        0x8 D:/STM32/STM32CubeIDE_1.19.0/STM32CubeIDE/plugins/com.st.stm32cube.ide.mcu.externaltools.gnu-tools-for-stm32.13.3.rel1.win32_1.0.0.202411081344/tools/bin/../lib/gcc/arm-none-eabi/13.3.1/thumb/v7e-m/nofp/crtn.o
                0x08000cac                        . = ALIGN (0x4)
                0x08000cac                        _etext = .

.vfp11_veneer   0x08000cac        0x0
 .vfp11_veneer  0x08000cac        0x0 linker stubs

.v4_bx          0x08000cac        0x0
 .v4_bx         0x08000cac        0x0 linker stubs

.iplt           0x08000cac        0x0
 .iplt          0x08000cac        0x0 D:/STM32/STM32CubeIDE_1.19.0/STM32CubeIDE/plugins/com.st.stm32cube.ide.mcu.externaltools.gnu-tools-for-stm32.13.3.rel1.win32_1.0.0.202411081344/tools/bin/../lib/gcc/arm-none-eabi/13.3.1/thumb/v7e-m/nofp/crtbegin.o

.rodata         0x08000cac        0x0
                0x08000cac                        . = ALIGN (0x4)
 *(.rodata)
 *(.rodata*)
                0x08000cac                        . = ALIGN (0x4)

.ARM.extab      0x08000cac        0x0
                0x08000cac                        . = ALIGN (0x4)
 *(.ARM.extab* .gnu.linkonce.armextab.*)
                0x08000cac                        . = ALIGN (0x4)

.ARM            0x08000cac        0x0
                0x08000cac                        . = ALIGN (0x4)
                0x08000cac                        __exidx_start = .
 *(.ARM.exidx*)
                0x08000cac                        __exidx_end = .
                0x08000cac                        . = ALIGN (0x4)

.preinit_array  0x08000cac        0x0
                0x08000cac                        . = ALIGN (0x4)
                0x08000cac                        PROVIDE (__preinit_array_start = .)
 *(.preinit_array*)
                0x08000cac                        PROVIDE (__preinit_array_end = .)
                0x08000cac                        . = ALIGN (0x4)

.init_array     0x08000cac        0x4
                0x08000cac                        . = ALIGN (0x4)
                0x08000cac                        PROVIDE (__init_array_start = .)
 *(SORT_BY_NAME(.init_array.*))
 *(.init_array*)
 .init_array    0x08000cac        0x4 D:/STM32/STM32CubeIDE_1.19.0/STM32CubeIDE/plugins/com.st.stm32cube.ide.mcu.externaltools.gnu-tools-for-stm32.13.3.rel1.win32_1.0.0.202411081344/tools/bin/../lib/gcc/arm-none-eabi/13.3.1/thumb/v7e-m/nofp/crtbegin.o
                0x08000cb0                        PROVIDE (__init_array_end = .)
                0x08000cb0                        . = ALIGN (0x4)

.fini_array     0x08000cb0        0x4
                0x08000cb0                        . = ALIGN (0x4)
                [!provide]                        PROVIDE (__fini_array_start = .)
 *(SORT_BY_NAME(.fini_array.*))
 *(.fini_array*)
 .fini_array    0x08000cb0        0x4 D:/STM32/STM32CubeIDE_1.19.0/STM32CubeIDE/plugins/com.st.stm32cube.ide.mcu.externaltools.gnu-tools-for-stm32.13.3.rel1.win32_1.0.0.202411081344/tools/bin/../lib/gcc/arm-none-eabi/13.3.1/thumb/v7e-m/nofp/crtbegin.o
                [!provide]                        PROVIDE (__fini_array_end = .)
                0x08000cb4                        . = ALIGN (0x4)
                0x08000cb4                        _sidata = LOADADDR (.data)

.rel.dyn        0x08000cb4        0x0
 .rel.iplt      0x08000cb4        0x0 D:/STM32/STM32CubeIDE_1.19.0/STM32CubeIDE/plugins/com.st.stm32cube.ide.mcu.externaltools.gnu-tools-for-stm32.13.3.rel1.win32_1.0.0.202411081344/tools/bin/../lib/gcc/arm-none-eabi/13.3.1/thumb/v7e-m/nofp/crtbegin.o

.data           0x20000000        0x8 load address 0x08000cb4
                0x20000000                        . = ALIGN (0x4)
                0x20000000                        _sdata = .
 *(.data)
 *(.data*)
 .data.pulse    0x20000000        0x4 ./Src/main.o
 .data.status   0x20000004        0x1 ./Src/main.o
 *(.RamFunc)
 *(.RamFunc*)
                0x20000008                        . = ALIGN (0x4)
 *fill*         0x20000005        0x3 
                0x20000008                        _edata = .

.igot.plt       0x20000008        0x0 load address 0x08000cbc
 .igot.plt      0x20000008        0x0 D:/STM32/STM32CubeIDE_1.19.0/STM32CubeIDE/plugins/com.st.stm32cube.ide.mcu.externaltools.gnu-tools-for-stm32.13.3.rel1.win32_1.0.0.202411081344/tools/bin/../lib/gcc/arm-none-eabi/13.3.1/thumb/v7e-m/nofp/crtbegin.o
                0x20000008                        . = ALIGN (0x4)

.bss            0x20000008       0x3c load address 0x08000cbc
                0x20000008                        _sbss = .
                0x20000008                        __bss_start__ = _sbss
 *(.bss)
 .bss           0x20000008       0x1c D:/STM32/STM32CubeIDE_1.19.0/STM32CubeIDE/plugins/com.st.stm32cube.ide.mcu.externaltools.gnu-tools-for-stm32.13.3.rel1.win32_1.0.0.202411081344/tools/bin/../lib/gcc/arm-none-eabi/13.3.1/thumb/v7e-m/nofp/crtbegin.o
 *(.bss*)
 .bss.STEP      0x20000024        0xc ./Src/main.o
                0x20000024                STEP
 .bss.PWM2      0x20000030       0x14 ./Src/main.o
                0x20000030                PWM2
 *(COMMON)
                0x20000044                        . = ALIGN (0x4)
                0x20000044                        _ebss = .
                0x20000044                        __bss_end__ = _ebss

._user_heap_stack
                0x20000044      0x604 load address 0x08000cbc
                0x20000048                        . = ALIGN (0x8)
 *fill*         0x20000044        0x4 
                [!provide]                        PROVIDE (end = .)
                0x20000048                        PROVIDE (_end = .)
                0x20000248                        . = (. + _Min_Heap_Size)
 *fill*         0x20000048      0x200 
                0x20000648                        . = (. + _Min_Stack_Size)
 *fill*         0x20000248      0x400 
                0x20000648                        . = ALIGN (0x8)

/DISCARD/
 libc.a(*)
 libm.a(*)
 libgcc.a(*)

.ARM.attributes
                0x00000000       0x2a
 *(.ARM.attributes)
 .ARM.attributes
                0x00000000       0x1e D:/STM32/STM32CubeIDE_1.19.0/STM32CubeIDE/plugins/com.st.stm32cube.ide.mcu.externaltools.gnu-tools-for-stm32.13.3.rel1.win32_1.0.0.202411081344/tools/bin/../lib/gcc/arm-none-eabi/13.3.1/thumb/v7e-m/nofp/crti.o
 .ARM.attributes
                0x0000001e       0x2e D:/STM32/STM32CubeIDE_1.19.0/STM32CubeIDE/plugins/com.st.stm32cube.ide.mcu.externaltools.gnu-tools-for-stm32.13.3.rel1.win32_1.0.0.202411081344/tools/bin/../lib/gcc/arm-none-eabi/13.3.1/thumb/v7e-m/nofp/crtbegin.o
 .ARM.attributes
                0x0000004c       0x2e ./Driver/src/stm32f446xx_GPIO_driver.o
 .ARM.attributes
                0x0000007a       0x2e ./Driver/src/stm32f446xx_Timer_driver.o
 .ARM.attributes
                0x000000a8       0x2e ./Src/main.o
 .ARM.attributes
                0x000000d6       0x21 ./Startup/startup_stm32f446retx.o
 .ARM.attributes
                0x000000f7       0x2e D:/STM32/STM32CubeIDE_1.19.0/STM32CubeIDE/plugins/com.st.stm32cube.ide.mcu.externaltools.gnu-tools-for-stm32.13.3.rel1.win32_1.0.0.202411081344/tools/bin/../lib/gcc/arm-none-eabi/13.3.1/../../../../arm-none-eabi/lib/thumb/v7e-m/nofp\libc_nano.a(libc_a-memset.o)
 .ARM.attributes
                0x00000125       0x2e D:/STM32/STM32CubeIDE_1.19.0/STM32CubeIDE/plugins/com.st.stm32cube.ide.mcu.externaltools.gnu-tools-for-stm32.13.3.rel1.win32_1.0.0.202411081344/tools/bin/../lib/gcc/arm-none-eabi/13.3.1/../../../../arm-none-eabi/lib/thumb/v7e-m/nofp\libc_nano.a(libc_a-init.o)
 .ARM.attributes
                0x00000153       0x1e D:/STM32/STM32CubeIDE_1.19.0/STM32CubeIDE/plugins/com.st.stm32cube.ide.mcu.externaltools.gnu-tools-for-stm32.13.3.rel1.win32_1.0.0.202411081344/tools/bin/../lib/gcc/arm-none-eabi/13.3.1/thumb/v7e-m/nofp/crtn.o
OUTPUT(A4988_Driver.elf elf32-littlearm)
LOAD linker stubs
LOAD D:/STM32/STM32CubeIDE_1.19.0/STM32CubeIDE/plugins/com.st.stm32cube.ide.mcu.externaltools.gnu-tools-for-stm32.13.3.rel1.win32_1.0.0.202411081344/tools/bin/../lib/gcc/arm-none-eabi/13.3.1/../../../../arm-none-eabi/lib/thumb/v7e-m/nofp\libc.a
LOAD D:/STM32/STM32CubeIDE_1.19.0/STM32CubeIDE/plugins/com.st.stm32cube.ide.mcu.externaltools.gnu-tools-for-stm32.13.3.rel1.win32_1.0.0.202411081344/tools/bin/../lib/gcc/arm-none-eabi/13.3.1/../../../../arm-none-eabi/lib/thumb/v7e-m/nofp\libm.a
LOAD D:/STM32/STM32CubeIDE_1.19.0/STM32CubeIDE/plugins/com.st.stm32cube.ide.mcu.externaltools.gnu-tools-for-stm32.13.3.rel1.win32_1.0.0.202411081344/tools/bin/../lib/gcc/arm-none-eabi/13.3.1/thumb/v7e-m/nofp\libgcc.a

.debug_info     0x00000000     0x1118
 .debug_info    0x00000000      0x706 ./Driver/src/stm32f446xx_GPIO_driver.o
 .debug_info    0x00000706      0x534 ./Driver/src/stm32f446xx_Timer_driver.o
 .debug_info    0x00000c3a      0x4ae ./Src/main.o
 .debug_info    0x000010e8       0x30 ./Startup/startup_stm32f446retx.o

.debug_abbrev   0x00000000      0x3ea
 .debug_abbrev  0x00000000      0x124 ./Driver/src/stm32f446xx_GPIO_driver.o
 .debug_abbrev  0x00000124      0x137 ./Driver/src/stm32f446xx_Timer_driver.o
 .debug_abbrev  0x0000025b      0x16b ./Src/main.o
 .debug_abbrev  0x000003c6       0x24 ./Startup/startup_stm32f446retx.o

.debug_aranges  0x00000000      0x100
 .debug_aranges
                0x00000000       0x70 ./Driver/src/stm32f446xx_GPIO_driver.o
 .debug_aranges
                0x00000070       0x40 ./Driver/src/stm32f446xx_Timer_driver.o
 .debug_aranges
                0x000000b0       0x28 ./Src/main.o
 .debug_aranges
                0x000000d8       0x28 ./Startup/startup_stm32f446retx.o

.debug_rnglists
                0x00000000       0xb5
 .debug_rnglists
                0x00000000       0x53 ./Driver/src/stm32f446xx_GPIO_driver.o
 .debug_rnglists
                0x00000053       0x2f ./Driver/src/stm32f446xx_Timer_driver.o
 .debug_rnglists
                0x00000082       0x1a ./Src/main.o
 .debug_rnglists
                0x0000009c       0x19 ./Startup/startup_stm32f446retx.o

.debug_macro    0x00000000      0x841
 .debug_macro   0x00000000       0x9a ./Driver/src/stm32f446xx_GPIO_driver.o
 .debug_macro   0x0000009a       0xbe ./Driver/src/stm32f446xx_GPIO_driver.o
 .debug_macro   0x00000158       0x9a ./Driver/src/stm32f446xx_Timer_driver.o
 .debug_macro   0x000001f2      0x161 ./Src/main.o
 .debug_macro   0x00000353      0x4ee ./Src/main.o

.debug_line     0x00000000     0x1b9d
 .debug_line    0x00000000      0xb98 ./Driver/src/stm32f446xx_GPIO_driver.o
 .debug_line    0x00000b98      0x8c3 ./Driver/src/stm32f446xx_Timer_driver.o
 .debug_line    0x0000145b      0x6c7 ./Src/main.o
 .debug_line    0x00001b22       0x7b ./Startup/startup_stm32f446retx.o

.debug_str      0x00000000     0x92ef
 .debug_str     0x00000000     0x92ef ./Driver/src/stm32f446xx_GPIO_driver.o
                               0x5deb (size before relaxing)
 .debug_str     0x000092ef     0x5cdd ./Driver/src/stm32f446xx_Timer_driver.o
 .debug_str     0x000092ef     0x91d8 ./Src/main.o
 .debug_str     0x000092ef       0x7c ./Startup/startup_stm32f446retx.o

.comment        0x00000000       0x43
 .comment       0x00000000       0x43 ./Driver/src/stm32f446xx_GPIO_driver.o
                                 0x44 (size before relaxing)
 .comment       0x00000043       0x44 ./Driver/src/stm32f446xx_Timer_driver.o
 .comment       0x00000043       0x44 ./Src/main.o

.debug_frame    0x00000000      0x334
 .debug_frame   0x00000000      0x1c8 ./Driver/src/stm32f446xx_GPIO_driver.o
 .debug_frame   0x000001c8       0xd4 ./Driver/src/stm32f446xx_Timer_driver.o
 .debug_frame   0x0000029c       0x4c ./Src/main.o
 .debug_frame   0x000002e8       0x20 D:/STM32/STM32CubeIDE_1.19.0/STM32CubeIDE/plugins/com.st.stm32cube.ide.mcu.externaltools.gnu-tools-for-stm32.13.3.rel1.win32_1.0.0.202411081344/tools/bin/../lib/gcc/arm-none-eabi/13.3.1/../../../../arm-none-eabi/lib/thumb/v7e-m/nofp\libc_nano.a(libc_a-memset.o)
 .debug_frame   0x00000308       0x2c D:/STM32/STM32CubeIDE_1.19.0/STM32CubeIDE/plugins/com.st.stm32cube.ide.mcu.externaltools.gnu-tools-for-stm32.13.3.rel1.win32_1.0.0.202411081344/tools/bin/../lib/gcc/arm-none-eabi/13.3.1/../../../../arm-none-eabi/lib/thumb/v7e-m/nofp\libc_nano.a(libc_a-init.o)

.debug_line_str
                0x00000000       0x60
 .debug_line_str
                0x00000000       0x60 ./Startup/startup_stm32f446retx.o
