21:54:55 **** Incremental Build of configuration Debug for project A4988_Driver ****
make -j16 all 
arm-none-eabi-gcc "../Src/main.c" -mcpu=cortex-m4 -std=gnu11 -g3 -c -I"/home/bright/STM32CubeIDE/my_workspace/StepperMotor_A4988/A4988_Driver/Driver/Inc" -O0 -ffunction-sections -fdata-sections -Wall -fstack-usage -fcyclomatic-complexity -MMD -MP -MF"Src/main.d" -MT"Src/main.o" --specs=nano.specs -mfloat-abi=soft -mthumb -o "Src/main.o"
arm-none-eabi-gcc -o "A4988_Driver.elf" @"objects.list"   -mcpu=cortex-m4 -T"/home/bright/STM32CubeIDE/my_workspace/StepperMotor_A4988/A4988_Driver/STM32F446RETX_FLASH.ld" --specs=nosys.specs -Wl,-Map="A4988_Driver.map" -Wl,--gc-sections -static --specs=nano.specs -mfloat-abi=soft -mthumb -Wl,--start-group -lc -lm -Wl,--end-group
Finished building target: A4988_Driver.elf
 
arm-none-eabi-size  A4988_Driver.elf 
arm-none-eabi-objdump -h -S A4988_Driver.elf  > "A4988_Driver.list"
   text	   data	    bss	    dec	    hex	filename
   2808	      0	   1568	   4376	   1118	A4988_Driver.elf
Finished building: default.size.stdout
 
Finished building: A4988_Driver.list
 

21:54:55 Build Finished. 0 errors, 0 warnings. (took 122ms)

